node.exe : FAIL __tests__/auth/login.test.tsx
At line:1 char:1
+ & "C:\Program Files\nodejs/node.exe" "C:\Program Files\nodejs/node_mo ...
+ ~~~~~~~~~~~~~~~~~~~~~~~~~~~~~~~~~~~~~~~~~~~~~~~~~~~~~~~~~~~~~~~~~~~~~
    + CategoryInfo          : NotSpecified: (FAIL __tests__/auth/login.test.tsx:Stri 
   ng) [], RemoteException
    + FullyQualifiedErrorId : NativeCommandError
 
  LoginPage
    ├ù n├¬n chuyß╗ân h╞░ß╗¢ng tß╗¢i /admin-dashboard khi admin ─æ─âng nhß║¡p th├ánh 
c├┤ng (4 ms)
    ├ù n├¬n chuyß╗ân h╞░ß╗¢ng tß╗¢i /hospital-dashboard khi hospital ─æ─âng nhß║¡p 
th├ánh c├┤ng (2 ms)
    ├ù n├¬n chuyß╗ân h╞░ß╗¢ng tß╗¢i /requests khi donor ─æ─âng nhß║¡p th├ánh c├┤ng 
(2 ms)
    ├ù n├¬n hiß╗ân thß╗ï th├┤ng b├ío lß╗ùi khi ─æ─âng nhß║¡p thß║Ñt bß║íi (1 ms)

  ΓùÅ LoginPage ΓÇ║ n├¬n chuyß╗ân h╞░ß╗¢ng tß╗¢i /admin-dashboard khi admin ─æ─âng 
nhß║¡p th├ánh c├┤ng

    ReferenceError: React is not defined

    [0m [90m 55 |[39m         })[33m;[39m
     [90m 56 |[39m
    [31m[1m>[22m[39m[90m 57 |[39m         
render([33m<[39m[33mLoginPage[39m [33m/[39m[33m>[39m)[33m;[39m
     [90m    |[39m                [31m[1m^[22m[39m
     [90m 58 |[39m
     [90m 59 |[39m         fireEvent[33m.[39mchange(screen[33m.[39mgetByPlaceho
lderText([35m/hero@redhope.vn/i[39m)[33m,[39m {
     [90m 60 |[39m             target[33m:[39m { value[33m:[39m 
[32m'admin@test.com'[39m }[33m,[39m[0m

      at Object.<anonymous> (__tests__/auth/login.test.tsx:57:16)

  ΓùÅ LoginPage ΓÇ║ n├¬n chuyß╗ân h╞░ß╗¢ng tß╗¢i /hospital-dashboard khi hospital 
─æ─âng nhß║¡p th├ánh c├┤ng

    ReferenceError: React is not defined

    [0m [90m 86 |[39m         })[33m;[39m
     [90m 87 |[39m
    [31m[1m>[22m[39m[90m 88 |[39m         
render([33m<[39m[33mLoginPage[39m [33m/[39m[33m>[39m)[33m;[39m
     [90m    |[39m                [31m[1m^[22m[39m
     [90m 89 |[39m
     [90m 90 |[39m         fireEvent[33m.[39mchange(screen[33m.[39mgetByPlaceho
lderText([35m/hero@redhope.vn/i[39m)[33m,[39m {
     [90m 91 |[39m             target[33m:[39m { value[33m:[39m 
[32m'hospital@test.com'[39m }[33m,[39m[0m

      at Object.<anonymous> (__tests__/auth/login.test.tsx:88:16)

  ΓùÅ LoginPage ΓÇ║ n├¬n chuyß╗ân h╞░ß╗¢ng tß╗¢i /requests khi donor ─æ─âng nhß║¡p 
th├ánh c├┤ng

    ReferenceError: React is not defined

    [0m [90m 117 |[39m         })[33m;[39m
     [90m 118 |[39m
    [31m[1m>[22m[39m[90m 119 |[39m         
render([33m<[39m[33mLoginPage[39m [33m/[39m[33m>[39m)[33m;[39m
     [90m     |[39m                [31m[1m^[22m[39m
     [90m 120 |[39m
     [90m 121 |[39m         fireEvent[33m.[39mchange(screen[33m.[39mgetByPlaceh
olderText([35m/hero@redhope.vn/i[39m)[33m,[39m {
     [90m 122 |[39m             target[33m:[39m { value[33m:[39m 
[32m'donor@test.com'[39m }[33m,[39m[0m

      at Object.<anonymous> (__tests__/auth/login.test.tsx:119:16)

  ΓùÅ LoginPage ΓÇ║ n├¬n hiß╗ân thß╗ï th├┤ng b├ío lß╗ùi khi ─æ─âng nhß║¡p thß║Ñt 
bß║íi

    ReferenceError: React is not defined

    [0m [90m 140 |[39m         })[33m;[39m
     [90m 141 |[39m
    [31m[1m>[22m[39m[90m 142 |[39m         
render([33m<[39m[33mLoginPage[39m [33m/[39m[33m>[39m)[33m;[39m
     [90m     |[39m                [31m[1m^[22m[39m
     [90m 143 |[39m
     [90m 144 |[39m         fireEvent[33m.[39mchange(screen[33m.[39mgetByPlaceh
olderText([35m/hero@redhope.vn/i[39m)[33m,[39m {
     [90m 145 |[39m             target[33m:[39m { value[33m:[39m 
[32m'wrong@test.com'[39m }[33m,[39m[0m

      at Object.<anonymous> (__tests__/auth/login.test.tsx:142:16)

Test Suites: 1 failed, 1 total
Tests:       4 failed, 4 total
Snapshots:   0 total
Time:        2.112 s
Ran all test suites matching __tests__/auth/login.test.tsx.
